Godot Engine v4.4.1.stable.official (c) 2007-present Juan Linietsky, Ariel Manzur & Godot Contributors.
--- Debug adapter server started on port 6006 ---
--- GDScript language server started on port 6005 ---
  ERROR: res://systems/game_manager.gd:197 - Parse Error: The variable type is being inferred from a Variant value, so it will be typed as Variant. (Warning treated as error.)
  ERROR: modules/gdscript/gdscript.cpp:3022 - Failed to load script "res://systems/game_manager.gd" with error "Parse error".
  ERROR: Failed to create an autoload, script 'res://systems/game_manager.gd' is not compiling.
  ERROR: res://systems/dialogue_system.gd:343 - Parse Error: Cannot infer the type of "op" variable because the value doesn't have a set type.
  ERROR: res://systems/dialogue_system.gd:324 - Parse Error: The variable type is being inferred from a Variant value, so it will be typed as Variant. (Warning treated as error.)
  ERROR: modules/gdscript/gdscript.cpp:3022 - Failed to load script "res://systems/dialogue_system.gd" with error "Parse error".
  ERROR: Failed to create an autoload, script 'res://systems/dialogue_system.gd' is not compiling.
  ERROR: res://systems/game_manager.gd:197 - Parse Error: The variable type is being inferred from a Variant value, so it will be typed as Variant. (Warning treated as error.)
  ERROR: res://systems/news_system.gd:0 - Compile Error: Failed to compile depended scripts.
  ERROR: modules/gdscript/gdscript.cpp:3022 - Failed to load script "res://systems/news_system.gd" with error "Parse error".
  ERROR: res://systems/content_loader.gd:178 - Parse Error: Cannot infer the type of "history" variable because the value doesn't have a set type.
  ERROR: res://systems/content_loader.gd:499 - Parse Error: Cannot infer the type of "op" variable because the value doesn't have a set type.
  ERROR: res://systems/content_loader.gd:149 - Parse Error: The variable type is being inferred from a Variant value, so it will be typed as Variant. (Warning treated as error.)
  ERROR: res://systems/content_loader.gd:480 - Parse Error: The variable type is being inferred from a Variant value, so it will be typed as Variant. (Warning treated as error.)
  ERROR: modules/gdscript/gdscript.cpp:3022 - Failed to load script "res://systems/content_loader.gd" with error "Parse error".
  ERROR: Failed to create an autoload, script 'res://systems/content_loader.gd' is not compiling.
  ERROR: res://systems/game_manager.gd:197 - Parse Error: The variable type is being inferred from a Variant value, so it will be typed as Variant. (Warning treated as error.)
  ERROR: res://systems/dialogue_system.gd:343 - Parse Error: Cannot infer the type of "op" variable because the value doesn't have a set type.
  ERROR: res://systems/dialogue_system.gd:324 - Parse Error: The variable type is being inferred from a Variant value, so it will be typed as Variant. (Warning treated as error.)
  ERROR: res://systems/content_loader.gd:178 - Parse Error: Cannot infer the type of "history" variable because the value doesn't have a set type.
  ERROR: res://systems/content_loader.gd:499 - Parse Error: Cannot infer the type of "op" variable because the value doesn't have a set type.
  ERROR: res://systems/content_loader.gd:149 - Parse Error: The variable type is being inferred from a Variant value, so it will be typed as Variant. (Warning treated as error.)
  ERROR: res://systems/content_loader.gd:480 - Parse Error: The variable type is being inferred from a Variant value, so it will be typed as Variant. (Warning treated as error.)
  ERROR: res://scripts/game.gd:0 - Compile Error: Failed to compile depended scripts.
  ERROR: modules/gdscript/gdscript.cpp:3022 - Failed to load script "res://scripts/game.gd" with error "Parse error".
